// Vitest Snapshot v1, https://vitest.dev/guide/snapshot.html

exports[`bundled Phase 2 recipes > projects behavior-normalized compatibility manifests as snapshots 1`] = `
{
  "argoverse2": {
    "annotationModes": [
      "bbox3d",
    ],
    "boxTypes": [
      {
        "color": "#6B7280",
        "id": 0,
        "label": "Unknown",
      },
      {
        "color": "#FF9E00",
        "id": 1,
        "label": "Regular Vehicle",
        "model": "vehicle",
      },
      {
        "color": "#CCFF00",
        "id": 2,
        "label": "Pedestrian",
        "model": "pedestrian",
      },
      {
        "color": "#FF6B9D",
        "id": 3,
        "label": "Bicyclist",
        "model": "bicycle",
      },
      {
        "color": "#FF2D55",
        "id": 4,
        "label": "Motorcyclist",
        "model": "motorcycle",
      },
      {
        "color": "#FF44FF",
        "id": 5,
        "label": "Wheeled Rider",
        "model": "bicycle",
      },
      {
        "color": "#8B9DC3",
        "id": 6,
        "label": "Bollard",
      },
      {
        "color": "#FF44FF",
        "id": 7,
        "label": "Constr. Cone",
        "model": "cone",
      },
      {
        "color": "#FF44FF",
        "id": 8,
        "label": "Sign",
        "model": "sign",
      },
      {
        "color": "#CC7A00",
        "id": 9,
        "label": "Constr. Barrel",
      },
      {
        "color": "#FF4444",
        "id": 10,
        "label": "Stop Sign",
        "model": "sign",
      },
      {
        "color": "#FF6B9D",
        "id": 11,
        "label": "Bicycle",
        "model": "bicycle",
      },
      {
        "color": "#E67700",
        "id": 12,
        "label": "Large Vehicle",
        "model": "vehicle",
      },
      {
        "color": "#FFD600",
        "id": 13,
        "label": "Bus",
        "model": "vehicle",
      },
      {
        "color": "#D4A574",
        "id": 14,
        "label": "Box Truck",
        "model": "vehicle",
      },
      {
        "color": "#E67700",
        "id": 15,
        "label": "Truck",
        "model": "vehicle",
      },
      {
        "color": "#FF2D55",
        "id": 16,
        "label": "Motorcycle",
        "model": "motorcycle",
      },
      {
        "color": "#D4A574",
        "id": 17,
        "label": "Vehicular Trailer",
        "model": "vehicle",
      },
      {
        "color": "#CC7A00",
        "id": 18,
        "label": "Truck Cab",
        "model": "vehicle",
      },
      {
        "color": "#FFD600",
        "id": 19,
        "label": "School Bus",
        "model": "vehicle",
      },
      {
        "color": "#FFD600",
        "id": 20,
        "label": "Articulated Bus",
        "model": "vehicle",
      },
      {
        "color": "#8B9DC3",
        "id": 21,
        "label": "Msg Board",
      },
      {
        "color": "#8B9DC3",
        "id": 22,
        "label": "Traffic Lt Trailer",
      },
      {
        "color": "#00CED1",
        "id": 23,
        "label": "Stroller",
      },
      {
        "color": "#00CED1",
        "id": 24,
        "label": "Wheelchair",
      },
      {
        "color": "#00CED1",
        "id": 25,
        "label": "Wheeled Device",
      },
      {
        "color": "#00CED1",
        "id": 26,
        "label": "Animal",
      },
      {
        "color": "#00CED1",
        "id": 27,
        "label": "Dog",
      },
      {
        "color": "#CCFF00",
        "id": 28,
        "label": "Official Signal",
        "model": "pedestrian",
      },
      {
        "color": "#8B9DC3",
        "id": 29,
        "label": "Mob Ped Sign",
        "model": "sign",
      },
      {
        "color": "#D4A574",
        "id": 30,
        "label": "Railed Vehicle",
        "model": "vehicle",
      },
    ],
    "cameraAliases": {
      "ring_front_center": 4,
      "ring_front_left": 3,
      "ring_front_right": 5,
      "ring_rear_left": 1,
      "ring_rear_right": 7,
      "ring_side_left": 2,
      "ring_side_right": 6,
    },
    "cameraColors": {
      "1": "#B490FF",
      "2": "#4DA8FF",
      "3": "#00E89D",
      "4": "#FFFFFF",
      "5": "#00C9DB",
      "6": "#B490FF",
      "7": "#7B6FFF",
    },
    "cameraPovLabels": {
      "1": "RL",
      "2": "SL",
      "3": "FL",
      "4": "FC",
      "5": "FR",
      "6": "SR",
      "7": "RR",
    },
    "cameraSensors": [
      {
        "color": "#B490FF",
        "flex": 0.8,
        "height": 2048,
        "id": 1,
        "label": "REAR LEFT",
        "view": "rear-left",
        "width": 1550,
      },
      {
        "color": "#4DA8FF",
        "flex": 0.8,
        "height": 2048,
        "id": 2,
        "label": "SIDE LEFT",
        "view": "side-left",
        "width": 1550,
      },
      {
        "color": "#00E89D",
        "flex": 0.8,
        "height": 2048,
        "id": 3,
        "label": "FRONT LEFT",
        "view": "front-left",
        "width": 1550,
      },
      {
        "color": "#FFFFFF",
        "flex": 1,
        "height": 2048,
        "id": 4,
        "label": "FRONT",
        "view": "front",
        "width": 1550,
      },
      {
        "color": "#00C9DB",
        "flex": 0.8,
        "height": 2048,
        "id": 5,
        "label": "FRONT RIGHT",
        "view": "front-right",
        "width": 1550,
      },
      {
        "color": "#B490FF",
        "flex": 0.8,
        "height": 2048,
        "id": 6,
        "label": "SIDE RIGHT",
        "view": "side-right",
        "width": 1550,
      },
      {
        "color": "#7B6FFF",
        "flex": 0.8,
        "height": 2048,
        "id": 7,
        "label": "REAR RIGHT",
        "view": "rear-right",
        "width": 1550,
      },
    ],
    "colormapModes": [
      "distance",
      "intensity",
      "camera",
    ],
    "columnMap": {
      "frameTimestamp": "",
      "laserName": "",
      "rangeImageShape": "",
      "rangeImageValues": "",
      "vehiclePose": "",
    },
    "frameRate": 10,
    "id": "argoverse2",
    "intensityRange": [
      0,
      255,
    ],
    "knownComponents": [
      "sensors",
      "calibration",
      "map",
      "annotations.feather",
      "city_SE3_egovehicle.feather",
    ],
    "lidarSensors": [
      {
        "color": "#00E89D",
        "id": 1,
        "label": "LIDAR",
      },
    ],
    "name": "Argoverse 2",
    "overlayModes": [
      "bbox2d",
      "lidarProjection",
    ],
    "pointStride": 4,
    "requiredComponents": [
      "sensors",
      "calibration",
    ],
  },
  "nuscenes": {
    "annotationModes": [
      "bbox3d",
    ],
    "boxTypes": [
      {
        "color": "#6B7280",
        "id": 0,
        "label": "Unknown",
      },
      {
        "color": "#FF9E00",
        "id": 1,
        "label": "Car",
        "model": "vehicle",
      },
      {
        "color": "#E67700",
        "id": 5,
        "label": "Truck",
        "model": "vehicle",
      },
      {
        "color": "#FFD600",
        "id": 6,
        "label": "Bus",
        "model": "vehicle",
      },
      {
        "color": "#CC7A00",
        "id": 7,
        "label": "Construction",
        "model": "vehicle",
      },
      {
        "color": "#FF4444",
        "id": 8,
        "label": "Emergency",
        "model": "vehicle",
      },
      {
        "color": "#D4A574",
        "id": 9,
        "label": "Trailer",
        "model": "vehicle",
      },
      {
        "color": "#CCFF00",
        "id": 2,
        "label": "Pedestrian",
        "model": "pedestrian",
      },
      {
        "color": "#FF2D55",
        "id": 10,
        "label": "Motorcycle",
        "model": "motorcycle",
      },
      {
        "color": "#FF6B9D",
        "id": 11,
        "label": "Bicycle",
        "model": "bicycle",
      },
      {
        "color": "#8B9DC3",
        "id": 12,
        "label": "Barrier",
        "model": "barrier",
      },
      {
        "color": "#FF44FF",
        "id": 13,
        "label": "Traffic Cone",
        "model": "cone",
      },
      {
        "color": "#00CED1",
        "id": 14,
        "label": "Animal",
      },
    ],
    "cameraAliases": {
      "CAM_BACK": 5,
      "CAM_BACK_LEFT": 4,
      "CAM_BACK_RIGHT": 6,
      "CAM_FRONT": 2,
      "CAM_FRONT_LEFT": 1,
      "CAM_FRONT_RIGHT": 3,
    },
    "cameraColors": {
      "1": "#00E89D",
      "2": "#FFFFFF",
      "3": "#00C9DB",
      "4": "#4DA8FF",
      "5": "#00C9DB",
      "6": "#B490FF",
    },
    "cameraPovLabels": {
      "1": "FL",
      "2": "FRONT",
      "3": "FR",
      "4": "BL",
      "5": "BACK",
      "6": "BR",
    },
    "cameraSensors": [
      {
        "color": "#4DA8FF",
        "flex": 1,
        "height": 900,
        "id": 4,
        "label": "BACK LEFT",
        "view": "rear-left",
        "width": 1600,
      },
      {
        "color": "#00E89D",
        "flex": 1,
        "height": 900,
        "id": 1,
        "label": "FRONT LEFT",
        "view": "front-left",
        "width": 1600,
      },
      {
        "color": "#FFFFFF",
        "flex": 1.3,
        "height": 900,
        "id": 2,
        "label": "FRONT",
        "view": "front",
        "width": 1600,
      },
      {
        "color": "#00C9DB",
        "flex": 1,
        "height": 900,
        "id": 3,
        "label": "FRONT RIGHT",
        "view": "front-right",
        "width": 1600,
      },
      {
        "color": "#B490FF",
        "flex": 1,
        "height": 900,
        "id": 6,
        "label": "BACK RIGHT",
        "view": "rear-right",
        "width": 1600,
      },
      {
        "color": "#00C9DB",
        "flex": 1,
        "height": 900,
        "id": 5,
        "label": "BACK",
        "view": "rear",
        "width": 1600,
      },
    ],
    "colormapModes": [
      "distance",
      "intensity",
      "segment",
      "panoptic",
      "camera",
    ],
    "columnMap": {
      "frameTimestamp": "",
      "laserName": "",
      "rangeImageShape": "",
      "rangeImageValues": "",
      "vehiclePose": "",
    },
    "frameRate": 2,
    "id": "nuscenes",
    "intensityRange": [
      0,
      255,
    ],
    "knownComponents": [
      "samples",
      "sweeps",
      "maps",
      "lidarseg",
      "panoptic",
      "v1.0-mini",
      "v1.0-trainval",
      "v1.0-test",
      "LICENSE",
    ],
    "lidarSensors": [
      {
        "color": "#00E89D",
        "id": 1,
        "label": "LIDAR TOP",
      },
      {
        "color": "#FF6B6B",
        "id": 10,
        "label": "RADAR FRONT",
      },
      {
        "color": "#FF9F43",
        "id": 11,
        "label": "RADAR FL",
      },
      {
        "color": "#FECA57",
        "id": 12,
        "label": "RADAR FR",
      },
      {
        "color": "#FF6348",
        "id": 13,
        "label": "RADAR BL",
      },
      {
        "color": "#EE5A24",
        "id": 14,
        "label": "RADAR BR",
      },
    ],
    "name": "nuScenes",
    "overlayModes": [
      "bbox2d",
      "lidarProjection",
    ],
    "pointStride": 4,
    "requiredComponents": [
      "samples",
    ],
    "semanticLabels": [
      "noise",
      "animal",
      "adult",
      "child",
      "constr. worker",
      "pers. mobility",
      "police",
      "stroller",
      "wheelchair",
      "barrier",
      "debris",
      "pushable",
      "traffic cone",
      "bike rack",
      "bicycle",
      "bus (bendy)",
      "bus (rigid)",
      "car",
      "construction",
      "ambulance",
      "police car",
      "motorcycle",
      "trailer",
      "truck",
      "driveable",
      "other flat",
      "sidewalk",
      "terrain",
      "manmade",
      "other static",
      "vegetation",
      "ego",
    ],
    "semanticPalette": [
      [
        0,
        0,
        0,
      ],
      [
        0.44,
        0.29,
        0,
      ],
      [
        0.85,
        0.33,
        0.1,
      ],
      [
        0.85,
        0.55,
        0.2,
      ],
      [
        1,
        0.6,
        0,
      ],
      [
        0.8,
        0.32,
        0.33,
      ],
      [
        0,
        0.53,
        0.8,
      ],
      [
        0.58,
        0.4,
        0.11,
      ],
      [
        0.42,
        0.27,
        0.07,
      ],
      [
        0.47,
        0.47,
        0.47,
      ],
      [
        0.26,
        0.2,
        0,
      ],
      [
        0.39,
        0.25,
        0.65,
      ],
      [
        1,
        0.58,
        0.25,
      ],
      [
        0.87,
        0.87,
        0,
      ],
      [
        1,
        0,
        0,
      ],
      [
        0,
        0,
        0.9,
      ],
      [
        0,
        0,
        0.7,
      ],
      [
        1,
        0.62,
        0,
      ],
      [
        0.93,
        0.57,
        0.13,
      ],
      [
        0.85,
        0.1,
        0.1,
      ],
      [
        0,
        0,
        0.55,
      ],
      [
        0,
        0.46,
        0.86,
      ],
      [
        0.5,
        0.35,
        0,
      ],
      [
        0.6,
        0,
        1,
      ],
      [
        0.63,
        0.63,
        0.78,
      ],
      [
        0.55,
        0.42,
        0.35,
      ],
      [
        0.47,
        0.47,
        0.62,
      ],
      [
        0.4,
        0.55,
        0.26,
      ],
      [
        0.35,
        0.35,
        0.35,
      ],
      [
        0.2,
        0.2,
        0.2,
      ],
      [
        0,
        0.68,
        0.12,
      ],
      [
        0.64,
        0,
        0,
      ],
    ],
  },
  "waymo": {
    "annotationModes": [
      "bbox3d",
      "keypoints3d",
    ],
    "boxTypes": [
      {
        "color": "#6B7280",
        "id": 0,
        "label": "Unknown",
      },
      {
        "color": "#FF9E00",
        "id": 1,
        "label": "Vehicle",
        "model": "vehicle",
      },
      {
        "color": "#CCFF00",
        "id": 2,
        "label": "Pedestrian",
        "model": "pedestrian",
      },
      {
        "color": "#FF44FF",
        "id": 3,
        "label": "Sign",
        "model": "sign",
      },
      {
        "color": "#DC143C",
        "id": 4,
        "label": "Cyclist",
        "model": "cyclist",
      },
    ],
    "cameraColors": {
      "1": "#FFFFFF",
      "2": "#00E89D",
      "3": "#00C9DB",
      "4": "#4DA8FF",
      "5": "#B490FF",
    },
    "cameraPovLabels": {
      "1": "FRONT",
      "2": "FL",
      "3": "FR",
      "4": "SL",
      "5": "SR",
    },
    "cameraSemanticLabels": [
      "Undefined",
      "Car",
      "Bus",
      "Truck",
      "Other Large Vehicle",
      "Trailer",
      "Ego Vehicle",
      "Motorcycle",
      "Bicycle",
      "Pedestrian",
      "Motorcyclist",
      "Bicyclist",
      "Ground Animal",
      "Bird",
      "Road",
      "Lane Marker",
      "Curb",
      "Walkable",
      "Sidewalk",
      "Building",
      "Pole",
      "Sign",
      "Traffic Light",
      "Construction Cone",
      "Vegetation",
      "Sky",
      "Ground",
      "Static",
      "Dynamic",
    ],
    "cameraSemanticPalette": [
      [
        0.25,
        0.25,
        0.25,
      ],
      [
        1,
        0.62,
        0,
      ],
      [
        1,
        0.84,
        0,
      ],
      [
        0.9,
        0.47,
        0,
      ],
      [
        0.65,
        0.43,
        0.15,
      ],
      [
        0.75,
        0.55,
        0.25,
      ],
      [
        0.4,
        0.4,
        0.4,
      ],
      [
        0.85,
        0.1,
        0.1,
      ],
      [
        1,
        0.42,
        0.62,
      ],
      [
        0.8,
        1,
        0,
      ],
      [
        0.7,
        0,
        0.15,
      ],
      [
        0.86,
        0.08,
        0.24,
      ],
      [
        0.45,
        0.8,
        0.2,
      ],
      [
        0.6,
        0.85,
        0.95,
      ],
      [
        0.4,
        0.4,
        0.55,
      ],
      [
        0.55,
        0.7,
        1,
      ],
      [
        0.5,
        0.5,
        0.5,
      ],
      [
        0.82,
        0.75,
        0.6,
      ],
      [
        0.55,
        0.55,
        0.65,
      ],
      [
        0.45,
        0.55,
        0.7,
      ],
      [
        0.6,
        0.3,
        0.9,
      ],
      [
        1,
        0.27,
        1,
      ],
      [
        0,
        0.9,
        0.9,
      ],
      [
        1,
        0.4,
        0.7,
      ],
      [
        0.1,
        0.72,
        0.2,
      ],
      [
        0.7,
        0.85,
        0.95,
      ],
      [
        0.5,
        0.45,
        0.35,
      ],
      [
        0.35,
        0.35,
        0.45,
      ],
      [
        0.75,
        0.6,
        0.45,
      ],
    ],
    "cameraSensors": [
      {
        "color": "#4DA8FF",
        "flex": 1,
        "height": 886,
        "id": 4,
        "label": "SIDE LEFT",
        "view": "side-left",
        "width": 1920,
      },
      {
        "color": "#00E89D",
        "flex": 1,
        "height": 1280,
        "id": 2,
        "label": "FRONT LEFT",
        "view": "front-left",
        "width": 1920,
      },
      {
        "color": "#FFFFFF",
        "flex": 1.3,
        "height": 1280,
        "id": 1,
        "label": "FRONT",
        "view": "front",
        "width": 1920,
      },
      {
        "color": "#00C9DB",
        "flex": 1,
        "height": 1280,
        "id": 3,
        "label": "FRONT RIGHT",
        "view": "front-right",
        "width": 1920,
      },
      {
        "color": "#B490FF",
        "flex": 1,
        "height": 886,
        "id": 5,
        "label": "SIDE RIGHT",
        "view": "side-right",
        "width": 1920,
      },
    ],
    "colormapModes": [
      "intensity",
      "range",
      "elongation",
      "segment",
      "camera",
    ],
    "columnMap": {
      "frameTimestamp": "key.frame_timestamp_micros",
      "laserName": "key.laser_name",
      "rangeImageShape": "[LiDARComponent].range_image_return1.shape",
      "rangeImageValues": "[LiDARComponent].range_image_return1.values",
      "vehiclePose": "[VehiclePoseComponent].world_from_vehicle.transform",
    },
    "frameRate": 10,
    "id": "waymo",
    "knownComponents": [
      "vehicle_pose",
      "lidar_calibration",
      "camera_calibration",
      "lidar_box",
      "lidar",
      "camera_image",
      "stats",
      "lidar_pose",
      "lidar_camera_projection",
      "camera_box",
      "projected_lidar_box",
      "lidar_segmentation",
      "camera_segmentation",
      "lidar_hkp",
      "camera_hkp",
      "lidar_camera_synced_box",
      "camera_to_lidar_box_association",
    ],
    "lidarSensors": [
      {
        "color": "#00E89D",
        "id": 1,
        "label": "TOP",
      },
      {
        "color": "#00C9DB",
        "id": 2,
        "label": "FRONT",
      },
      {
        "color": "#4DA8FF",
        "id": 3,
        "label": "SIDE_L",
      },
      {
        "color": "#7B6FFF",
        "id": 4,
        "label": "SIDE_R",
      },
      {
        "color": "#B490FF",
        "id": 5,
        "label": "REAR",
      },
    ],
    "name": "Waymo Open Dataset",
    "overlayModes": [
      "bbox2d",
      "segmentation",
      "keypoints2d",
      "lidarProjection",
    ],
    "pointStride": 6,
    "requiredComponents": [
      "vehicle_pose",
      "lidar",
      "camera_image",
    ],
    "semanticLabels": [
      "Undefined",
      "Car",
      "Truck",
      "Bus",
      "Other Vehicle",
      "Motorcyclist",
      "Bicyclist",
      "Pedestrian",
      "Sign",
      "Traffic Light",
      "Pole",
      "Construction Cone",
      "Bicycle",
      "Motorcycle",
      "Building",
      "Vegetation",
      "Tree Trunk",
      "Curb",
      "Road",
      "Lane Marker",
      "Other Ground",
      "Walkable",
      "Sidewalk",
    ],
    "semanticPalette": [
      [
        0.25,
        0.25,
        0.25,
      ],
      [
        1,
        0.62,
        0,
      ],
      [
        0.9,
        0.47,
        0,
      ],
      [
        1,
        0.84,
        0,
      ],
      [
        0.65,
        0.43,
        0.15,
      ],
      [
        0.7,
        0,
        0.15,
      ],
      [
        0.86,
        0.08,
        0.24,
      ],
      [
        0.8,
        1,
        0,
      ],
      [
        1,
        0.27,
        1,
      ],
      [
        0,
        0.9,
        0.9,
      ],
      [
        0.6,
        0.3,
        0.9,
      ],
      [
        1,
        0.4,
        0.7,
      ],
      [
        1,
        0.42,
        0.62,
      ],
      [
        0.85,
        0.1,
        0.1,
      ],
      [
        0.45,
        0.55,
        0.7,
      ],
      [
        0.1,
        0.72,
        0.2,
      ],
      [
        0.35,
        0.5,
        0.2,
      ],
      [
        0.5,
        0.5,
        0.5,
      ],
      [
        0.4,
        0.4,
        0.55,
      ],
      [
        0.55,
        0.7,
        1,
      ],
      [
        0.6,
        0.55,
        0.4,
      ],
      [
        0.82,
        0.75,
        0.6,
      ],
      [
        0.55,
        0.55,
        0.65,
      ],
    ],
  },
}
`;
